// Jest Snapshot v1, https://goo.gl/fbAQLP

exports[`renders add to collection component to match snapshot 1`] = `
{
  "asFragment": [Function],
  "baseElement": <body>
    <div>
      <svg
        aria-hidden="true"
        class="svg-inline--fa fa-heart-circle-plus css-b7pztv-AddToCollection"
        data-icon="heart-circle-plus"
        data-prefix="fas"
        data-testid="btnAddToCollection"
        focusable="false"
        role="img"
        viewBox="0 0 576 512"
        xmlns="http://www.w3.org/2000/svg"
      >
        <path
          d="M47.6 300.4L228.3 469.1c7.5 7 17.4 10.9 27.7 10.9s20.2-3.9 27.7-10.9l2.6-2.4C267.2 438.6 256 404.6 256 368c0-97.2 78.8-176 176-176c28.3 0 55 6.7 78.7 18.5c.9-6.5 1.3-13 1.3-19.6v-5.8c0-69.9-50.5-129.5-119.4-141C347 36.5 300.6 51.4 268 84L256 96 244 84c-32.6-32.6-79-47.5-124.6-39.9C50.5 55.6 0 115.2 0 185.1v5.8c0 41.5 17.2 81.2 47.6 109.5zM432 512a144 144 0 1 0 0-288 144 144 0 1 0 0 288zm16-208v48h48c8.8 0 16 7.2 16 16s-7.2 16-16 16H448v48c0 8.8-7.2 16-16 16s-16-7.2-16-16V384H368c-8.8 0-16-7.2-16-16s7.2-16 16-16h48V304c0-8.8 7.2-16 16-16s16 7.2 16 16z"
          fill="currentColor"
        />
      </svg>
      <div
        class="css-1marw79"
        data-testid="modalAddCollection"
      >
        <div
          class="css-8cy5fh"
        >
          <div
            class="css-znlezv-AddToCollection"
          >
            <svg
              aria-hidden="true"
              class="svg-inline--fa fa-xmark "
              data-icon="xmark"
              data-prefix="fas"
              focusable="false"
              role="img"
              viewBox="0 0 384 512"
              xmlns="http://www.w3.org/2000/svg"
            >
              <path
                d="M342.6 150.6c12.5-12.5 12.5-32.8 0-45.3s-32.8-12.5-45.3 0L192 210.7 86.6 105.4c-12.5-12.5-32.8-12.5-45.3 0s-12.5 32.8 0 45.3L146.7 256 41.4 361.4c-12.5 12.5-12.5 32.8 0 45.3s32.8 12.5 45.3 0L192 301.3 297.4 406.6c12.5 12.5 32.8 12.5 45.3 0s12.5-32.8 0-45.3L237.3 256 342.6 150.6z"
                fill="currentColor"
              />
            </svg>
          </div>
          <div
            class="css-bleihu"
          >
            Add Collection
          </div>
          <div
            class="css-1wjdaps"
          >
            <div
              class="css-6ovs0r"
            >
              <div
                class="css-10cc1hl"
              >
                <div
                  class="css-1xx0nq8"
                >
                  Collection Name
                </div>
                <input
                  data-testid="inputCollection"
                  label="Collection Name"
                  placeholder="Collection Name"
                  type="text"
                  value=""
                />
              </div>
              <div
                class="css-lhs8c9"
              />
            </div>
          </div>
          <div
            class="css-166wyjx"
            data-testid="btnSaveToCollection"
          >
            Save
          </div>
          <hr
            class="css-1hl48p4-AddToCollection"
          />
          <div
            class="css-yt7m0t-AddToCollection"
          >
            My Collection
          </div>
          <ul
            class="css-1n0jcgx"
          >
            <li
              class="css-nlh8m7"
            >
              There is no collection data
            </li>
          </ul>
        </div>
      </div>
    </div>
  </body>,
  "container": <div>
    <svg
      aria-hidden="true"
      class="svg-inline--fa fa-heart-circle-plus css-b7pztv-AddToCollection"
      data-icon="heart-circle-plus"
      data-prefix="fas"
      data-testid="btnAddToCollection"
      focusable="false"
      role="img"
      viewBox="0 0 576 512"
      xmlns="http://www.w3.org/2000/svg"
    >
      <path
        d="M47.6 300.4L228.3 469.1c7.5 7 17.4 10.9 27.7 10.9s20.2-3.9 27.7-10.9l2.6-2.4C267.2 438.6 256 404.6 256 368c0-97.2 78.8-176 176-176c28.3 0 55 6.7 78.7 18.5c.9-6.5 1.3-13 1.3-19.6v-5.8c0-69.9-50.5-129.5-119.4-141C347 36.5 300.6 51.4 268 84L256 96 244 84c-32.6-32.6-79-47.5-124.6-39.9C50.5 55.6 0 115.2 0 185.1v5.8c0 41.5 17.2 81.2 47.6 109.5zM432 512a144 144 0 1 0 0-288 144 144 0 1 0 0 288zm16-208v48h48c8.8 0 16 7.2 16 16s-7.2 16-16 16H448v48c0 8.8-7.2 16-16 16s-16-7.2-16-16V384H368c-8.8 0-16-7.2-16-16s7.2-16 16-16h48V304c0-8.8 7.2-16 16-16s16 7.2 16 16z"
        fill="currentColor"
      />
    </svg>
    <div
      class="css-1marw79"
      data-testid="modalAddCollection"
    >
      <div
        class="css-8cy5fh"
      >
        <div
          class="css-znlezv-AddToCollection"
        >
          <svg
            aria-hidden="true"
            class="svg-inline--fa fa-xmark "
            data-icon="xmark"
            data-prefix="fas"
            focusable="false"
            role="img"
            viewBox="0 0 384 512"
            xmlns="http://www.w3.org/2000/svg"
          >
            <path
              d="M342.6 150.6c12.5-12.5 12.5-32.8 0-45.3s-32.8-12.5-45.3 0L192 210.7 86.6 105.4c-12.5-12.5-32.8-12.5-45.3 0s-12.5 32.8 0 45.3L146.7 256 41.4 361.4c-12.5 12.5-12.5 32.8 0 45.3s32.8 12.5 45.3 0L192 301.3 297.4 406.6c12.5 12.5 32.8 12.5 45.3 0s12.5-32.8 0-45.3L237.3 256 342.6 150.6z"
              fill="currentColor"
            />
          </svg>
        </div>
        <div
          class="css-bleihu"
        >
          Add Collection
        </div>
        <div
          class="css-1wjdaps"
        >
          <div
            class="css-6ovs0r"
          >
            <div
              class="css-10cc1hl"
            >
              <div
                class="css-1xx0nq8"
              >
                Collection Name
              </div>
              <input
                data-testid="inputCollection"
                label="Collection Name"
                placeholder="Collection Name"
                type="text"
                value=""
              />
            </div>
            <div
              class="css-lhs8c9"
            />
          </div>
        </div>
        <div
          class="css-166wyjx"
          data-testid="btnSaveToCollection"
        >
          Save
        </div>
        <hr
          class="css-1hl48p4-AddToCollection"
        />
        <div
          class="css-yt7m0t-AddToCollection"
        >
          My Collection
        </div>
        <ul
          class="css-1n0jcgx"
        >
          <li
            class="css-nlh8m7"
          >
            There is no collection data
          </li>
        </ul>
      </div>
    </div>
  </div>,
  "debug": [Function],
  "findAllByAltText": [Function],
  "findAllByDisplayValue": [Function],
  "findAllByLabelText": [Function],
  "findAllByPlaceholderText": [Function],
  "findAllByRole": [Function],
  "findAllByTestId": [Function],
  "findAllByText": [Function],
  "findAllByTitle": [Function],
  "findByAltText": [Function],
  "findByDisplayValue": [Function],
  "findByLabelText": [Function],
  "findByPlaceholderText": [Function],
  "findByRole": [Function],
  "findByTestId": [Function],
  "findByText": [Function],
  "findByTitle": [Function],
  "getAllByAltText": [Function],
  "getAllByDisplayValue": [Function],
  "getAllByLabelText": [Function],
  "getAllByPlaceholderText": [Function],
  "getAllByRole": [Function],
  "getAllByTestId": [Function],
  "getAllByText": [Function],
  "getAllByTitle": [Function],
  "getByAltText": [Function],
  "getByDisplayValue": [Function],
  "getByLabelText": [Function],
  "getByPlaceholderText": [Function],
  "getByRole": [Function],
  "getByTestId": [Function],
  "getByText": [Function],
  "getByTitle": [Function],
  "queryAllByAltText": [Function],
  "queryAllByDisplayValue": [Function],
  "queryAllByLabelText": [Function],
  "queryAllByPlaceholderText": [Function],
  "queryAllByRole": [Function],
  "queryAllByTestId": [Function],
  "queryAllByText": [Function],
  "queryAllByTitle": [Function],
  "queryByAltText": [Function],
  "queryByDisplayValue": [Function],
  "queryByLabelText": [Function],
  "queryByPlaceholderText": [Function],
  "queryByRole": [Function],
  "queryByTestId": [Function],
  "queryByText": [Function],
  "queryByTitle": [Function],
  "rerender": [Function],
  "unmount": [Function],
}
`;
